com\example\projectmanagement\controller\ResourceAnalysisController.class
com\example\projectmanagement\controller\TaskController$3.class
com\example\projectmanagement\model\ResourceModelTypeAdapter$1.class
com\example\projectmanagement\controller\ResourceEditController.class
com\example\projectmanagement\model\ScheduleModel.class
com\example\projectmanagement\model\TaskModel.class
com\example\projectmanagement\model\DataModel.class
com\example\projectmanagement\util\TimeConflictChecker.class
com\example\projectmanagement\db\ResourceDAO.class
com\example\projectmanagement\controller\CheckBoxListCell.class
com\example\projectmanagement\controller\LinkResourceController$1$1.class
com\example\projectmanagement\controller\LinkTaskController.class
com\example\projectmanagement\controller\WelcomeController.class
com\example\projectmanagement\controller\ScheduleShowController.class
com\example\projectmanagement\db\TaskDAO.class
com\example\projectmanagement\controller\ScheduleAddController.class
com\example\projectmanagement\controller\ScheduleEditController.class
com\example\projectmanagement\controller\LinkResourceController$1.class
com\example\projectmanagement\controller\TaskController$2.class
com\example\projectmanagement\controller\ResourceController$1.class
com\example\projectmanagement\controller\LinkTaskController$1.class
com\example\projectmanagement\controller\LinkTaskController$1$1.class
com\example\projectmanagement\model\ResourceModelTypeAdapter.class
com\example\projectmanagement\controller\MainFrameController.class
com\example\projectmanagement\controller\TaskController.class
com\example\projectmanagement\model\LocalDateAdapter.class
com\example\projectmanagement\controller\TaskEditController.class
com\example\projectmanagement\controller\ResourceDeleteController.class
com\example\projectmanagement\controller\ScheduleController$FilterMode.class
com\example\projectmanagement\controller\TaskController$1.class
com\example\projectmanagement\model\DataModel$DataLoadingException.class
com\example\projectmanagement\db\ScheduleDAO.class
module-info.class
com\example\projectmanagement\controller\ScheduleController$1.class
com\example\projectmanagement\controller\ResourceController.class
com\example\projectmanagement\controller\LinkResourceController.class
com\example\projectmanagement\controller\ResourceAddController.class
com\example\projectmanagement\model\ResourceModel.class
com\example\projectmanagement\controller\ScheduleDeleteController.class
com\example\projectmanagement\controller\TaskController$LocalDateAdapter.class
com\example\projectmanagement\model\TaskModelTypeAdapter.class
com\example\projectmanagement\controller\TaskAddController.class
com\example\projectmanagement\db\DatabaseManager.class
com\example\projectmanagement\controller\ScheduleController.class
com\example\projectmanagement\controller\TaskDeleteController.class
com\example\projectmanagement\Main.class
