D:\javaprojects\projectmanagement\src\main\java\com\example\projectmanagement\controller\ScheduleDeleteController.java
D:\javaprojects\projectmanagement\src\main\java\com\example\projectmanagement\db\TaskDAO.java
D:\javaprojects\projectmanagement\src\main\java\com\example\projectmanagement\controller\TaskController.java
D:\javaprojects\projectmanagement\src\main\java\module-info.java
D:\javaprojects\projectmanagement\src\main\java\com\example\projectmanagement\controller\WelcomeController.java
D:\javaprojects\projectmanagement\src\main\java\com\example\projectmanagement\db\ScheduleDAO.java
D:\javaprojects\projectmanagement\src\main\java\com\example\projectmanagement\controller\ResourceAnalysisController.java
D:\javaprojects\projectmanagement\src\main\java\com\example\projectmanagement\model\ResourceModel.java
D:\javaprojects\projectmanagement\src\main\java\com\example\projectmanagement\controller\TaskAddController.java
D:\javaprojects\projectmanagement\src\main\java\com\example\projectmanagement\controller\MainFrameController.java
D:\javaprojects\projectmanagement\src\main\java\com\example\projectmanagement\model\ScheduleModel.java
D:\javaprojects\projectmanagement\src\main\java\com\example\projectmanagement\controller\ResourceAddController.java
D:\javaprojects\projectmanagement\src\main\java\com\example\projectmanagement\controller\ResourceEditController.java
D:\javaprojects\projectmanagement\src\main\java\com\example\projectmanagement\controller\TaskEditController.java
D:\javaprojects\projectmanagement\src\main\java\com\example\projectmanagement\controller\ScheduleEditController.java
D:\javaprojects\projectmanagement\src\main\java\com\example\projectmanagement\controller\TaskDeleteController.java
D:\javaprojects\projectmanagement\src\main\java\com\example\projectmanagement\db\ResourceDAO.java
D:\javaprojects\projectmanagement\src\main\java\com\example\projectmanagement\model\TaskModel.java
D:\javaprojects\projectmanagement\src\main\java\com\example\projectmanagement\controller\CheckBoxListCell.java
D:\javaprojects\projectmanagement\src\main\java\com\example\projectmanagement\model\LocalDateAdapter.java
D:\javaprojects\projectmanagement\src\main\java\com\example\projectmanagement\controller\ResourceDeleteController.java
D:\javaprojects\projectmanagement\src\main\java\com\example\projectmanagement\model\DataModel.java
D:\javaprojects\projectmanagement\src\main\java\com\example\projectmanagement\controller\LinkTaskController.java
D:\javaprojects\projectmanagement\src\main\java\com\example\projectmanagement\controller\ScheduleController.java
D:\javaprojects\projectmanagement\src\main\java\com\example\projectmanagement\controller\ScheduleShowController.java
D:\javaprojects\projectmanagement\src\main\java\com\example\projectmanagement\controller\ResourceController.java
D:\javaprojects\projectmanagement\src\main\java\com\example\projectmanagement\controller\LinkResourceController.java
D:\javaprojects\projectmanagement\src\main\java\com\example\projectmanagement\db\DatabaseManager.java
D:\javaprojects\projectmanagement\src\main\java\com\example\projectmanagement\model\ResourceModelTypeAdapter.java
D:\javaprojects\projectmanagement\src\main\java\com\example\projectmanagement\util\TimeConflictChecker.java
D:\javaprojects\projectmanagement\src\main\java\com\example\projectmanagement\model\TaskModelTypeAdapter.java
D:\javaprojects\projectmanagement\src\main\java\com\example\projectmanagement\controller\ScheduleAddController.java
D:\javaprojects\projectmanagement\src\main\java\com\example\projectmanagement\Main.java
